kwola@kwola:~/TheGymProjects/TheGymGitAdvanced$ git status
On branch main
Your branch and 'origin/main' have diverged,
and have 1 and 1 different commits each, respectively.
  (use "git pull" if you want to integrate the remote branch with yours)

nothing to commit, working tree clean
kwola@kwola:~/TheGymProjects/TheGymGitAdvanced$ git pull
hint: You have divergent branches and need to specify how to reconcile them.
hint: You can do so by running one of the following commands sometime before
hint: your next pull:
hint:
hint:   git config pull.rebase false  # merge
hint:   git config pull.rebase true   # rebase
hint:   git config pull.ff only       # fast-forward only
hint:
hint: You can replace "git config" with "git config --global" to set a default
hint: preference for all repositories. You can also pass --rebase, --no-rebase,
hint: or --ff-only on the command line to override the configured default per
hint: invocation.
fatal: Need to specify how to reconcile divergent branches.
kwola@kwola:~/TheGymProjects/TheGymGitAdvanced$ git log --oneline
f985db2 (HEAD -> main) add exercise results file
ad02fbe chore: Create test all files 3 and 4
f7b58b0 chore: Create another file
7bb5687 chore: Create initial file
kwola@kwola:~/TheGymProjects/TheGymGitAdvanced$ git rebase -i f985db2
Successfully rebased and updated refs/heads/main.
kwola@kwola:~/TheGymProjects/TheGymGitAdvanced$ git rebase -i f985db2
Successfully rebased and updated refs/heads/main.
kwola@kwola:~/TheGymProjects/TheGymGitAdvanced$ git log --oneline
f985db2 (HEAD -> main) add exercise results file
ad02fbe chore: Create test all files 3 and 4
f7b58b0 chore: Create another file
7bb5687 chore: Create initial file
kwola@kwola:~/TheGymProjects/TheGymGitAdvanced$ git rebase -i f7b58b0
Successfully rebased and updated refs/heads/main.
kwola@kwola:~/TheGymProjects/TheGymGitAdvanced$ git rebase -i HEAD~2
Successfully rebased and updated refs/heads/main.
kwola@kwola:~/TheGymProjects/TheGymGitAdvanced$ git rebase -i HEAD~3
Successfully rebased and updated refs/heads/main.
kwola@kwola:~/TheGymProjects/TheGymGitAdvanced$ git rebase -i HEAD~3
The previous cherry-pick is now empty, possibly due to conflict resolution.
If you wish to commit it anyway, use:

    git commit --allow-empty

Otherwise, please use 'git rebase --skip'
interactive rebase in progress; onto 7bb5687
Last commands done (2 commands done):
   pick f7b58b0 chore: Create another file
   pick f7b58b0 Create initial file3
Next commands to do (2 remaining commands):
   pick ad02fbe chore: Create test all files 3 and 4
   pick f985db2 add exercise results file
  (use "git rebase --edit-todo" to view and edit)
You are currently rebasing branch 'main' on '7bb5687'.
  (all conflicts fixed: run "git rebase --continue")

nothing to commit, working tree clean
Could not apply f7b58b0... Create initial file3
kwola@kwola:~/TheGymProjects/TheGymGitAdvanced$ git rebase --skip
Successfully rebased and updated refs/heads/main.
kwola@kwola:~/TheGymProjects/TheGymGitAdvanced$ git commit --allow-empty
git rebase --continue
[main 73c3267] Create second file
fatal: no rebase in progress
kwola@kwola:~/TheGymProjects/TheGymGitAdvanced$ git rebase -i HEAD~3
Successfully rebased and updated refs/heads/main.
kwola@kwola:~/TheGymProjects/TheGymGitAdvanced$ git log --oneline
73c3267 (HEAD -> main) Create second file
f985db2 add exercise results file
ad02fbe chore: Create test all files 3 and 4
f7b58b0 chore: Create another file
7bb5687 chore: Create initial file
kwola@kwola:~/TheGymProjects/TheGymGitAdvanced$ git rebase --continue
fatal: no rebase in progress
kwola@kwola:~/TheGymProjects/TheGymGitAdvanced$ git rebase -i HEAD~3
Successfully rebased and updated refs/heads/main.
kwola@kwola:~/TheGymProjects/TheGymGitAdvanced$ git log --oneline
73c3267 (HEAD -> main) Create second file
f985db2 add exercise results file
ad02fbe chore: Create test all files 3 and 4
f7b58b0 chore: Create another file
7bb5687 chore: Create initial file
kwola@kwola:~/TheGymProjects/TheGymGitAdvanced$ git log
commit 73c32677efaa35f744ce878dce61dc99a39ef810 (HEAD -> main)
Author: Emmanuel Rutayisire <dreamwave610@gmail.com>
Date:   Tue Sep 9 11:00:05 2025 +0200

    Create second file

commit f985db224429cafa717e2e882b7db60ec831b7be
Author: Emmanuel Rutayisire <dreamwave610@gmail.com>
Date:   Wed Sep 3 12:00:52 2025 +0200

    add exercise results file

commit ad02fbef3f4729624d9eebdf490253a4bfe8a810
Author: Emmanuel Rutayisire <dreamwave610@gmail.com>
Date:   Wed Sep 3 11:23:00 2025 +0200

    chore: Create test all files 3 and 4

commit f7b58b0dcc587b9004e72adde69947ec5856ce73
Author: Emmanuel Rutayisire <dreamwave610@gmail.com>
Date:   Wed Sep 3 11:23:00 2025 +0200

    chore: Create another file

commit 7bb5687ba961cd357cd3a03bbc0ef4ecc1b6aae4
Author: Emmanuel Rutayisire <dreamwave610@gmail.com>
Date:   Wed Sep 3 11:23:00 2025 +0200

    chore: Create initial file
kwola@kwola:~/TheGymProjects/TheGymGitAdvanced$ git rebase -i 7bb5687
[detached HEAD c80dce2] chore: Create new second file
 Date: Wed Sep 3 11:23:00 2025 +0200
 1 file changed, 0 insertions(+), 0 deletions(-)
 create mode 100644 test2.md
[detached HEAD 84b75f2] chore: Create new second file
 Date: Wed Sep 3 11:23:00 2025 +0200
 4 files changed, 163 insertions(+)
 create mode 100644 results.txt
 create mode 100644 test2.md
 create mode 100644 test3.md
 create mode 100644 test4.md
Successfully rebased and updated refs/heads/main.
kwola@kwola:~/TheGymProjects/TheGymGitAdvanced$ git log 
commit 84b75f28bd0555c652deb75851fe06e97bb86491 (HEAD -> main)
Author: Emmanuel Rutayisire <dreamwave610@gmail.com>
Date:   Wed Sep 3 11:23:00 2025 +0200

    chore: Create new second file
    
    chore: Create test all files 3 and 4
    
    add exercise results file
    
    Create second new file

commit 7bb5687ba961cd357cd3a03bbc0ef4ecc1b6aae4
Author: Emmanuel Rutayisire <dreamwave610@gmail.com>
Date:   Wed Sep 3 11:23:00 2025 +0200

    chore: Create initial file
